✅ saved plot_K_sweep.png
✅ saved plot_source_sweep.png
✅ saved plot_min_k_coverage.png
✅ saved plot_headline.png

All plots saved to /tmp/thesis_plots/
  plot_K_sweep.png  (225 KB)
  plot_deep_calibration.png  (86 KB)
  plot_deep_hybrid.png  (85 KB)
  plot_deep_pareto.png  (70 KB)
  plot_deep_pool_quality.png  (80 KB)
  plot_deep_quartile.png  (98 KB)
  plot_deep_recall.png  (105 KB)
  plot_headline.png  (51 KB)
  plot_min_k_coverage.png  (125 KB)
  plot_pool_richness.png  (155 KB)
  plot_pool_richness_headline.png  (82 KB)
  plot_rigor_forest_mae.png  (152 KB)
  plot_rigor_paired_diffs.png  (81 KB)
  plot_rigor_quartile.png  (151 KB)
  plot_rigor_year_cluster.png  (78 KB)
  plot_source_sweep.png  (201 KB)
  plot_story_part1_variance.png  (168 KB)
