
============================================================
  DOMAIN: weapon
============================================================
    facts gemini_3_flash: 10/141 (cached ok)
    facts gemini_3_flash: 20/141 (cached ok)
    facts gemini_3_flash: 30/141 (cached ok)
    facts gemini_3_flash: 40/141 (cached ok)
    facts gemini_3_flash: 50/141 (cached ok)
    facts gemini_3_flash: 60/141 (cached ok)
    facts gemini_3_flash: 70/141 (cached ok)
    facts gemini_3_flash: 80/141 (cached ok)
    facts gemini_3_flash: 90/141 (cached ok)
    facts gemini_3_flash: 100/141 (cached ok)
    facts gemini_3_flash: 110/141 (cached ok)
    facts gemini_3_flash: 120/141 (cached ok)
    facts gemini_3_flash: 130/141 (cached ok)
    facts gemini_3_flash: 140/141 (cached ok)
    (row cache: skipped 141 ok rows; refetched 0 non-ok/missing)
  facts | gemini_3_flash | task=binary_0 F1=0.451 LOO=0.451 thr=0.0
  facts | gemini_3_flash | task=binary_1 (same scores, no extra API) F1=0.611 LOO=0.611 thr=0.0 -> similarity_database_with_indicment_facts_v6score_gemini_3_flash_binary_1_stats.json
    manual_fe gemini_3_flash: 10/141 (cached ok)
    manual_fe gemini_3_flash: 20/141 (cached ok)
    manual_fe gemini_3_flash: 30/141 (cached ok)
    manual_fe gemini_3_flash: 40/141 (cached ok)
    manual_fe gemini_3_flash: 50/141 (cached ok)
    manual_fe gemini_3_flash: 60/141 (cached ok)
    manual_fe gemini_3_flash: 70/141 (cached ok)
    manual_fe gemini_3_flash: 80/141 (cached ok)
    manual_fe gemini_3_flash: 90/141 (cached ok)
    manual_fe gemini_3_flash: 100/141 (cached ok)
    manual_fe gemini_3_flash: 110/141 (cached ok)
    manual_fe gemini_3_flash: 120/141 (cached ok)
    manual_fe gemini_3_flash: 130/141 (cached ok)
    manual_fe gemini_3_flash: 140/141 (cached ok)
    (row cache: skipped 140 ok rows; refetched 1 non-ok/missing)
  manual_fe | gemini_3_flash | task=binary_0 F1=0.451 LOO=0.451 thr=0.0
  manual_fe | gemini_3_flash | task=binary_1 (same scores, no extra API) F1=0.611 LOO=0.611 thr=0.0 -> similarity_database_fe_v6score_gemini_3_flash_binary_1_stats.json
    fe_gpt_schema gemini_3_flash: 10/141 (cached ok)
    fe_gpt_schema gemini_3_flash: 20/141 (cached ok)
    fe_gpt_schema gemini_3_flash: 30/141 (cached ok)
    fe_gpt_schema gemini_3_flash: 40/141 (cached ok)
    fe_gpt_schema gemini_3_flash: 50/141 (cached ok)
    fe_gpt_schema gemini_3_flash: 60/141 (cached ok)
    fe_gpt_schema gemini_3_flash: 70/141 (cached ok)
    fe_gpt_schema gemini_3_flash: 80/141 (cached ok)
    fe_gpt_schema gemini_3_flash: 90/141 (cached ok)
    fe_gpt_schema gemini_3_flash: 100/141 (cached ok)
    fe_gpt_schema gemini_3_flash: 110/141 (cached ok)
    fe_gpt_schema gemini_3_flash: 120/141 (cached ok)
    fe_gpt_schema gemini_3_flash: 130/141 (cached ok)
    fe_gpt_schema gemini_3_flash: 140/141 (cached ok)
    (row cache: skipped 140 ok rows; refetched 1 non-ok/missing)
  fe_gpt_schema | gemini_3_flash | task=binary_0 F1=0.451 LOO=0.451 thr=0.0
  fe_gpt_schema | gemini_3_flash | task=binary_1 (same scores, no extra API) F1=0.611 LOO=0.611 thr=0.0 -> similarity_database_fe_gpt_schema_v6score_gemini_3_flash_binary_1_stats.json
    gpt_law gemini_3_flash: 10/141 (cached ok)
    gpt_law gemini_3_flash: 20/141 (cached ok)
    gpt_law gemini_3_flash: 30/141 (cached ok)
    gpt_law gemini_3_flash: 40/141 (cached ok)
    gpt_law gemini_3_flash: 50/141 (cached ok)
    gpt_law gemini_3_flash: 60/141 (cached ok)
    gpt_law gemini_3_flash: 70/141 (cached ok)
    gpt_law gemini_3_flash: 80/141 (cached ok)
    gpt_law gemini_3_flash: 90/141 (cached ok)
    gpt_law gemini_3_flash: 100/141 (cached ok)
    gpt_law gemini_3_flash: 110/141 (cached ok)
    gpt_law gemini_3_flash: 120/141 (cached ok)
    gpt_law gemini_3_flash: 130/141 (cached ok)
    gpt_law gemini_3_flash: 140/141 (cached ok)
    (row cache: skipped 140 ok rows; refetched 1 non-ok/missing)
  gpt_law | gemini_3_flash | task=binary_0 F1=0.451 LOO=0.451 thr=0.0
  gpt_law | gemini_3_flash | task=binary_1 (same scores, no extra API) F1=0.611 LOO=0.611 thr=0.0 -> similarity_database_with_gpt_law_features_v6score_gemini_3_flash_binary_1_stats.json
    gpt_free gemini_3_flash: 10/141 (cached ok)
    gpt_free gemini_3_flash: 20/141 (cached ok)
    gpt_free gemini_3_flash: 30/141 (cached ok)
    gpt_free gemini_3_flash: 40/141 (cached ok)
    gpt_free gemini_3_flash: 50/141 (cached ok)
    gpt_free gemini_3_flash: 60/141 (cached ok)
    gpt_free gemini_3_flash: 70/141 (cached ok)
    gpt_free gemini_3_flash: 80/141 (cached ok)
    gpt_free gemini_3_flash: 90/141 (cached ok)
    gpt_free gemini_3_flash: 100/141 (cached ok)
    gpt_free gemini_3_flash: 110/141 (cached ok)
    gpt_free gemini_3_flash: 120/141 (cached ok)
    gpt_free gemini_3_flash: 130/141 (cached ok)
    gpt_free gemini_3_flash: 140/141 (cached ok)
    (row cache: skipped 140 ok rows; refetched 1 non-ok/missing)
  gpt_free | gemini_3_flash | task=binary_0 F1=0.451 LOO=0.451 thr=0.0
  gpt_free | gemini_3_flash | task=binary_1 (same scores, no extra API) F1=0.611 LOO=0.611 thr=0.0 -> similarity_database_with_gpt_features_v6score_gemini_3_flash_binary_1_stats.json
    hybrid_manual_gpt gemini_3_flash: 10/141 (cached ok)
    hybrid_manual_gpt gemini_3_flash: 20/141 (cached ok)
    hybrid_manual_gpt gemini_3_flash: 30/141 (cached ok)
    hybrid_manual_gpt gemini_3_flash: 40/141 (cached ok)
    hybrid_manual_gpt gemini_3_flash: 50/141 (cached ok)
    hybrid_manual_gpt gemini_3_flash: 60/141 (cached ok)
    hybrid_manual_gpt gemini_3_flash: 70/141 (cached ok)
    hybrid_manual_gpt gemini_3_flash: 80/141 (cached ok)
    hybrid_manual_gpt gemini_3_flash: 90/141 (cached ok)
    hybrid_manual_gpt gemini_3_flash: 100/141 (cached ok)
    hybrid_manual_gpt gemini_3_flash: 110/141 (cached ok)
    hybrid_manual_gpt gemini_3_flash: 120/141 (cached ok)
    hybrid_manual_gpt gemini_3_flash: 130/141 (cached ok)
    hybrid_manual_gpt gemini_3_flash: 140/141 (cached ok)
    (row cache: skipped 139 ok rows; refetched 2 non-ok/missing)
  hybrid_manual_gpt | gemini_3_flash | task=binary_0 F1=0.451 LOO=0.451 thr=0.0
  hybrid_manual_gpt | gemini_3_flash | task=binary_1 (same scores, no extra API) F1=0.611 LOO=0.611 thr=0.0 -> similarity_database_hybrid_v6score_gemini_3_flash_binary_1_stats.json
    hybrid_gpt gemini_3_flash: 10/141 (cached ok)
    hybrid_gpt gemini_3_flash: 20/141 (cached ok)
    hybrid_gpt gemini_3_flash: 30/141 (cached ok)
    hybrid_gpt gemini_3_flash: 40/141 (cached ok)
    hybrid_gpt gemini_3_flash: 50/141 (cached ok)
    hybrid_gpt gemini_3_flash: 60/141 (cached ok)
    hybrid_gpt gemini_3_flash: 70/141 (cached ok)
    hybrid_gpt gemini_3_flash: 80/141 (cached ok)
    hybrid_gpt gemini_3_flash: 90/141 (cached ok)
    hybrid_gpt gemini_3_flash: 100/141 (cached ok)
    hybrid_gpt gemini_3_flash: 110/141 (cached ok)
    hybrid_gpt gemini_3_flash: 120/141 (cached ok)
    hybrid_gpt gemini_3_flash: 130/141 (cached ok)
    hybrid_gpt gemini_3_flash: 140/141 (cached ok)
    (row cache: skipped 139 ok rows; refetched 2 non-ok/missing)
  hybrid_gpt | gemini_3_flash | task=binary_0 F1=0.451 LOO=0.451 thr=0.0
  hybrid_gpt | gemini_3_flash | task=binary_1 (same scores, no extra API) F1=0.611 LOO=0.611 thr=0.0 -> similarity_database_hybrid_gpt_v6score_gemini_3_flash_binary_1_stats.json
    hybrid_full_gpt gemini_3_flash: 10/141 (cached ok)
    hybrid_full_gpt gemini_3_flash: 20/141 (cached ok)
    hybrid_full_gpt gemini_3_flash: 30/141 (cached ok)
    hybrid_full_gpt gemini_3_flash: 40/141 (cached ok)
    hybrid_full_gpt gemini_3_flash: 50/141 (cached ok)
    hybrid_full_gpt gemini_3_flash: 60/141 (cached ok)
    hybrid_full_gpt gemini_3_flash: 70/141 (cached ok)
    hybrid_full_gpt gemini_3_flash: 80/141 (cached ok)
    hybrid_full_gpt gemini_3_flash: 90/141
    hybrid_full_gpt gemini_3_flash: 100/141
    hybrid_full_gpt gemini_3_flash: 110/141 (cached ok)
    hybrid_full_gpt gemini_3_flash: 120/141 (cached ok)
    hybrid_full_gpt gemini_3_flash: 130/141 (cached ok)
    hybrid_full_gpt gemini_3_flash: 140/141 (cached ok)
    (row cache: skipped 139 ok rows; refetched 2 non-ok/missing)
  hybrid_full_gpt | gemini_3_flash | task=binary_0 F1=0.451 LOO=0.451 thr=0.0
  hybrid_full_gpt | gemini_3_flash | task=binary_1 (same scores, no extra API) F1=0.611 LOO=0.611 thr=0.0 -> similarity_database_hybrid_full_gpt_v6score_gemini_3_flash_binary_1_stats.json

Saved summary: /Users/liorb/Library/CloudStorage/OneDrive-post.bgu.ac.il/Thesis!!!/new_try/experiments/v6_full_matrix/v6_multimodel_summary_binary_0.json
