
============================================================
  DOMAIN: drugs
============================================================
    facts qwen35_plus_or: 10/100 (cached ok)
    facts qwen35_plus_or: 20/100 (cached ok)
    facts qwen35_plus_or: 30/100 (cached ok)
    facts qwen35_plus_or: 40/100 (cached ok)
    facts qwen35_plus_or: 50/100 (cached ok)
    facts qwen35_plus_or: 60/100 (cached ok)
    facts qwen35_plus_or: 70/100 (cached ok)
    facts qwen35_plus_or: 80/100 (cached ok)
    facts qwen35_plus_or: 90/100 (cached ok)
    facts qwen35_plus_or: 100/100 (cached ok)
    (row cache: skipped 100 ok rows; refetched 0 non-ok/missing)
  facts | qwen35_plus_or | task=binary_0 F1=0.877 LOO=0.794 thr=42.2
  facts | qwen35_plus_or | task=binary_1 (same scores, no extra API) F1=0.839 LOO=0.839 thr=35.2 -> similarity_database_with_indicment_facts_v6score_qwen35_plus_or_binary_1_stats.json
    manual_fe qwen35_plus_or: 10/100 (cached ok)
    manual_fe qwen35_plus_or: 20/100 (cached ok)
    manual_fe qwen35_plus_or: 30/100 (cached ok)
    manual_fe qwen35_plus_or: 40/100 (cached ok)
    manual_fe qwen35_plus_or: 50/100 (cached ok)
    manual_fe qwen35_plus_or: 60/100 (cached ok)
    manual_fe qwen35_plus_or: 70/100 (cached ok)
    manual_fe qwen35_plus_or: 80/100 (cached ok)
    manual_fe qwen35_plus_or: 90/100 (cached ok)
    manual_fe qwen35_plus_or: 100/100 (cached ok)
    (row cache: skipped 100 ok rows; refetched 0 non-ok/missing)
  manual_fe | qwen35_plus_or | task=binary_0 F1=0.877 LOO=0.829 thr=60.3
  manual_fe | qwen35_plus_or | task=binary_1 (same scores, no extra API) F1=0.804 LOO=0.707 thr=40.2 -> similarity_database_fe_v6score_qwen35_plus_or_binary_1_stats.json
    fe_gpt_schema_v2 qwen35_plus_or: 10/100 (cached ok)
    fe_gpt_schema_v2 qwen35_plus_or: 20/100 (cached ok)
    fe_gpt_schema_v2 qwen35_plus_or: 30/100 (cached ok)
    fe_gpt_schema_v2 qwen35_plus_or: 40/100 (cached ok)
    fe_gpt_schema_v2 qwen35_plus_or: 50/100 (cached ok)
    fe_gpt_schema_v2 qwen35_plus_or: 60/100 (cached ok)
    fe_gpt_schema_v2 qwen35_plus_or: 70/100 (cached ok)
    fe_gpt_schema_v2 qwen35_plus_or: 80/100 (cached ok)
    fe_gpt_schema_v2 qwen35_plus_or: 90/100 (cached ok)
    fe_gpt_schema_v2 qwen35_plus_or: 100/100 (cached ok)
    (row cache: skipped 100 ok rows; refetched 0 non-ok/missing)
  fe_gpt_schema_v2 | qwen35_plus_or | task=binary_0 F1=0.892 LOO=0.880 thr=58.3
  fe_gpt_schema_v2 | qwen35_plus_or | task=binary_1 (same scores, no extra API) F1=0.835 LOO=0.826 thr=45.2 -> similarity_database_fe_gpt_schema_v2_v6score_qwen35_plus_or_binary_1_stats.json
    gpt_free qwen35_plus_or: 10/100 (cached ok)
    gpt_free qwen35_plus_or: 20/100 (cached ok)
    gpt_free qwen35_plus_or: 30/100 (cached ok)
    gpt_free qwen35_plus_or: 40/100 (cached ok)
    gpt_free qwen35_plus_or: 50/100 (cached ok)
    gpt_free qwen35_plus_or: 60/100 (cached ok)
    gpt_free qwen35_plus_or: 70/100 (cached ok)
    gpt_free qwen35_plus_or: 80/100 (cached ok)
    gpt_free qwen35_plus_or: 90/100 (cached ok)
    gpt_free qwen35_plus_or: 100/100 (cached ok)
    (row cache: skipped 100 ok rows; refetched 0 non-ok/missing)
  gpt_free | qwen35_plus_or | task=binary_0 F1=0.892 LOO=0.845 thr=40.2
  gpt_free | qwen35_plus_or | task=binary_1 (same scores, no extra API) F1=0.804 LOO=0.779 thr=30.2 -> similarity_database_with_gpt_features_v6score_qwen35_plus_or_binary_1_stats.json
    gpt_law qwen35_plus_or: 10/100 (cached ok)
    gpt_law qwen35_plus_or: 20/100 (cached ok)
    gpt_law qwen35_plus_or: 30/100 (cached ok)
    gpt_law qwen35_plus_or: 40/100 (cached ok)
    gpt_law qwen35_plus_or: 50/100 (cached ok)
    gpt_law qwen35_plus_or: 60/100 (cached ok)
    gpt_law qwen35_plus_or: 70/100 (cached ok)
    gpt_law qwen35_plus_or: 80/100 (cached ok)
    gpt_law qwen35_plus_or: 90/100 (cached ok)
    gpt_law qwen35_plus_or: 100/100 (cached ok)
    (row cache: skipped 100 ok rows; refetched 0 non-ok/missing)
  gpt_law | qwen35_plus_or | task=binary_0 F1=0.877 LOO=0.877 thr=55.3
  gpt_law | qwen35_plus_or | task=binary_1 (same scores, no extra API) F1=0.818 LOO=0.818 thr=55.3 -> similarity_database_with_gpt_law_features_v6score_qwen35_plus_or_binary_1_stats.json
    hybrid_manual_gpt qwen35_plus_or: 10/100 (cached ok)
    hybrid_manual_gpt qwen35_plus_or: 20/100 (cached ok)
    hybrid_manual_gpt qwen35_plus_or: 30/100 (cached ok)
    hybrid_manual_gpt qwen35_plus_or: 40/100 (cached ok)
    hybrid_manual_gpt qwen35_plus_or: 50/100 (cached ok)
    hybrid_manual_gpt qwen35_plus_or: 60/100 (cached ok)
    hybrid_manual_gpt qwen35_plus_or: 70/100 (cached ok)
    hybrid_manual_gpt qwen35_plus_or: 80/100 (cached ok)
    hybrid_manual_gpt qwen35_plus_or: 90/100 (cached ok)
    hybrid_manual_gpt qwen35_plus_or: 100/100 (cached ok)
    (row cache: skipped 100 ok rows; refetched 0 non-ok/missing)
  hybrid_manual_gpt | qwen35_plus_or | task=binary_0 F1=0.919 LOO=0.907 thr=45.2
  hybrid_manual_gpt | qwen35_plus_or | task=binary_1 (same scores, no extra API) F1=0.825 LOO=0.779 thr=38.2 -> similarity_database_hybrid_v6score_qwen35_plus_or_binary_1_stats.json
    hybrid_full_gpt qwen35_plus_or: 10/100 (cached ok)
    hybrid_full_gpt qwen35_plus_or: 20/100 (cached ok)
    hybrid_full_gpt qwen35_plus_or: 30/100 (cached ok)
    hybrid_full_gpt qwen35_plus_or: 40/100 (cached ok)
    hybrid_full_gpt qwen35_plus_or: 50/100 (cached ok)
    hybrid_full_gpt qwen35_plus_or: 60/100 (cached ok)
    hybrid_full_gpt qwen35_plus_or: 70/100 (cached ok)
    hybrid_full_gpt qwen35_plus_or: 80/100 (cached ok)
    hybrid_full_gpt qwen35_plus_or: 90/100 (cached ok)
    hybrid_full_gpt qwen35_plus_or: 100/100 (cached ok)
    (row cache: skipped 100 ok rows; refetched 0 non-ok/missing)
  hybrid_full_gpt | qwen35_plus_or | task=binary_0 F1=0.904 LOO=0.892 thr=48.2
  hybrid_full_gpt | qwen35_plus_or | task=binary_1 (same scores, no extra API) F1=0.818 LOO=0.706 thr=48.2 -> similarity_database_hybrid_full_gpt_v6score_qwen35_plus_or_binary_1_stats.json

Saved summary: /Users/liorb/Library/CloudStorage/OneDrive-post.bgu.ac.il/Thesis!!!/new_try/experiments/v6_pilot_5models/v6_multimodel_summary_binary_0.json
